// Jest Snapshot v1, https://goo.gl/fbAQLP

exports[`Header should match snapshot 1`] = `
<header>
  <h1
    id="main-header"
  >
    Hero Page
  </h1>
  <section
    id="account-container"
  >
    <Link
      className="account-btn"
      to="/profile"
    >
      View Profile
    </Link>
    <button
      className="account-btn"
      onClick={[MockFunction]}
    >
      Logout
    </button>
  </section>
</header>
`;
