// Jest Snapshot v1, https://goo.gl/fbAQLP

exports[`EditProfileForm should match snapshot 1`] = `
<section
  id="edit-profile-form"
>
  <label
    className="input-label"
  >
    Profile Picture
  </label>
  <input
    className="input-field"
    onChange={[Function]}
    type="file"
  />
  <label
    className="input-label"
  >
    Email
  </label>
  <input
    className="input-field"
    name="email"
    onChange={[Function]}
    type="text"
    value="test@test.com"
  />
  <label
    className="input-label"
  >
    Address
  </label>
  <input
    className="input-field"
    name="address"
    onChange={[Function]}
    type="text"
    value="123 hello ct"
  />
  <label
    className="input-label"
  >
    Phone
  </label>
  <input
    className="input-field"
    name="phone"
    onChange={[Function]}
    type="text"
    value="1112223333"
  />
  <label
    className="input-label"
  >
    Birthday
  </label>
  <input
    className="input-field"
    name="dob"
    onChange={[Function]}
    type="text"
    value="1999-01-01"
  />
  <label
    className="input-label"
  >
    Mother's maiden name?
  </label>
  <input
    className="input-field"
    name="securityOne"
    onChange={[Function]}
    type="text"
    value="James"
  />
  <label
    className="input-label"
  >
    Name of first pet?
  </label>
  <input
    className="input-field"
    name="securityTwo"
    onChange={[Function]}
    type="text"
    value="Fido"
  />
  <label
    className="input-label"
  >
    City you grew up in?
  </label>
  <input
    className="input-field"
    name="securityThree"
    onChange={[Function]}
    type="text"
    value="Atlanta"
  />
  <section
    id="save-profile-btn-container"
  >
    <button
      className="form-btn"
      onClick={[Function]}
    >
      Save Profile
    </button>
    <button
      className="form-btn"
      onClick={[MockFunction]}
    >
      Cancel
    </button>
  </section>
</section>
`;
