// Jest Snapshot v1, https://goo.gl/fbAQLP

exports[`Login should match the snapshot 1`] = `
<form
  className="login-form"
  onSubmit={[Function]}
>
  <label
    className="input-label"
  >
    Email
  </label>
  <input
    className="input-field"
    name="email"
    onChange={[Function]}
    type="text"
    value=""
  />
  <label
    className="input-label"
  >
    Password
  </label>
  <input
    className="input-field"
    name="password"
    onChange={[Function]}
    type="password"
    value=""
  />
  <section
    className="form-btn-container"
  >
    <button
      className="form-btn"
      type="submit"
    >
      Login
    </button>
    <button
      className="form-btn"
      onClick={[Function]}
    >
      Cancel
    </button>
  </section>
</form>
`;
